68.66.248.20: YES
127.0.0.1: NO
40.18.226.141: YES
