68.66.248.20: YES
127.0.0.1: NO
40.18.226.141: YES
42.255.174.226: YES
192.168.1.1: NO
